// Jest Snapshot v1, https://goo.gl/fbAQLP

exports[`tl should include another template 1`] = `
"
  <div>
    <h1>A</h2>
    <p>value_a</p>
    
  <p>
    <h3>B</h3>
    <span>value_b</span>
  </p>

  </div>
"
`;

exports[`tl should support embedded javascript 1`] = `
"
      <div>
      
        <h1>title</h1>
      
        <hr/>
      
        <p>are</p>
      
        <p>you</p>
      
        <p>ok</p>
      
      </div>
    "
`;
